Release 14.7 - xst P.20131013 (nt64)
Copyright (c) 1995-2013 Xilinx, Inc.  All rights reserved.
--> Parameter TMPDIR set to xst/projnav.tmp


Total REAL time to Xst completion: 0.00 secs
Total CPU time to Xst completion: 0.41 secs
 
--> Parameter xsthdpdir set to xst


Total REAL time to Xst completion: 0.00 secs
Total CPU time to Xst completion: 0.42 secs
 
--> Reading design: Suma_Display.prj

TABLE OF CONTENTS
  1) Synthesis Options Summary
  2) HDL Compilation
  3) Design Hierarchy Analysis
  4) HDL Analysis
  5) HDL Synthesis
     5.1) HDL Synthesis Report
  6) Advanced HDL Synthesis
     6.1) Advanced HDL Synthesis Report
  7) Low Level Synthesis
  8) Partition Report
  9) Final Report
	9.1) Device utilization summary
	9.2) Partition Resource Summary
	9.3) TIMING REPORT


=========================================================================
*                      Synthesis Options Summary                        *
=========================================================================
---- Source Parameters
Input File Name                    : "Suma_Display.prj"
Input Format                       : mixed
Ignore Synthesis Constraint File   : NO

---- Target Parameters
Output File Name                   : "Suma_Display"
Output Format                      : NGC
Target Device                      : xc3s500e-4-fg320

---- Source Options
Top Module Name                    : Suma_Display
Automatic FSM Extraction           : YES
FSM Encoding Algorithm             : Auto
Safe Implementation                : No
FSM Style                          : LUT
RAM Extraction                     : Yes
RAM Style                          : Auto
ROM Extraction                     : Yes
Mux Style                          : Auto
Decoder Extraction                 : YES
Priority Encoder Extraction        : Yes
Shift Register Extraction          : YES
Logical Shifter Extraction         : YES
XOR Collapsing                     : YES
ROM Style                          : Auto
Mux Extraction                     : Yes
Resource Sharing                   : YES
Asynchronous To Synchronous        : NO
Multiplier Style                   : Auto
Automatic Register Balancing       : No

---- Target Options
Add IO Buffers                     : YES
Global Maximum Fanout              : 100000
Add Generic Clock Buffer(BUFG)     : 24
Register Duplication               : YES
Slice Packing                      : YES
Optimize Instantiated Primitives   : NO
Use Clock Enable                   : Yes
Use Synchronous Set                : Yes
Use Synchronous Reset              : Yes
Pack IO Registers into IOBs        : Auto
Equivalent register Removal        : YES

---- General Options
Optimization Goal                  : Speed
Optimization Effort                : 1
Keep Hierarchy                     : No
Netlist Hierarchy                  : As_Optimized
RTL Output                         : Yes
Global Optimization                : AllClockNets
Read Cores                         : YES
Write Timing Constraints           : NO
Cross Clock Analysis               : NO
Hierarchy Separator                : /
Bus Delimiter                      : <>
Case Specifier                     : Maintain
Slice Utilization Ratio            : 100
BRAM Utilization Ratio             : 100
Verilog 2001                       : YES
Auto BRAM Packing                  : NO
Slice Utilization Ratio Delta      : 5

=========================================================================


=========================================================================
*                          HDL Compilation                              *
=========================================================================
Compiling verilog file "Sumador.v" in library work
Compiling verilog file "Multiplexor_4X1.v" in library work
Module <Sumador> compiled
Compiling verilog file "Divisor_Frecuencia.v" in library work
Module <Multiplexor_4X1> compiled
Compiling verilog file "Demultiplexor_1X4.v" in library work
Module <Divisor_Frecuencia> compiled
Compiling verilog file "Decodificador_7S.v" in library work
Module <Demultiplexor_1X4> compiled
Compiling verilog file "Contador_2B.v" in library work
Module <Decodificador_7S> compiled
Compiling verilog file "Sumador_4B.v" in library work
Module <Contador_2B> compiled
Compiling verilog file "Displayer_4_7S.v" in library work
Module <Sumador_4B> compiled
Compiling verilog file "Decodificador_BCD_12B.v" in library work
Module <Displayer_4_7S> compiled
Compiling verilog file "Suma_Display.v" in library work
Module <Decodificador_BCD_12B> compiled
Module <Suma_Display> compiled
No errors in compilation
Analysis of file <"Suma_Display.prj"> succeeded.
 

=========================================================================
*                     Design Hierarchy Analysis                         *
=========================================================================
Analyzing hierarchy for module <Suma_Display> in library <work>.

Analyzing hierarchy for module <Sumador_4B> in library <work>.

Analyzing hierarchy for module <Decodificador_BCD_12B> in library <work>.

Analyzing hierarchy for module <Displayer_4_7S> in library <work>.

Analyzing hierarchy for module <Sumador> in library <work>.

Analyzing hierarchy for module <Divisor_Frecuencia> in library <work>.

Analyzing hierarchy for module <Contador_2B> in library <work>.

Analyzing hierarchy for module <Demultiplexor_1X4> in library <work>.

Analyzing hierarchy for module <Multiplexor_4X1> in library <work>.

Analyzing hierarchy for module <Decodificador_7S> in library <work>.


=========================================================================
*                            HDL Analysis                               *
=========================================================================
Analyzing top module <Suma_Display>.
Module <Suma_Display> is correct for synthesis.
 
Analyzing module <Sumador_4B> in library <work>.
Module <Sumador_4B> is correct for synthesis.
 
Analyzing module <Sumador> in library <work>.
Module <Sumador> is correct for synthesis.
 
Analyzing module <Decodificador_BCD_12B> in library <work>.
Module <Decodificador_BCD_12B> is correct for synthesis.
 
Analyzing module <Displayer_4_7S> in library <work>.
Module <Displayer_4_7S> is correct for synthesis.
 
Analyzing module <Divisor_Frecuencia> in library <work>.
Module <Divisor_Frecuencia> is correct for synthesis.
 
Analyzing module <Contador_2B> in library <work>.
Module <Contador_2B> is correct for synthesis.
 
Analyzing module <Demultiplexor_1X4> in library <work>.
Module <Demultiplexor_1X4> is correct for synthesis.
 
Analyzing module <Multiplexor_4X1> in library <work>.
Module <Multiplexor_4X1> is correct for synthesis.
 
Analyzing module <Decodificador_7S> in library <work>.
Module <Decodificador_7S> is correct for synthesis.
 

=========================================================================
*                           HDL Synthesis                               *
=========================================================================

Performing bidirectional port resolution...

Synthesizing Unit <Decodificador_BCD_12B>.
    Related source file is "Decodificador_BCD_12B.v".
WARNING:Xst:646 - Signal <x> is assigned but never used. This unconnected signal will be trimmed during the optimization process.
WARNING:Xst:646 - Signal <s3> is assigned but never used. This unconnected signal will be trimmed during the optimization process.
WARNING:Xst:646 - Signal <s2> is assigned but never used. This unconnected signal will be trimmed during the optimization process.
WARNING:Xst:646 - Signal <s1> is assigned but never used. This unconnected signal will be trimmed during the optimization process.
WARNING:Xst:646 - Signal <s0> is assigned but never used. This unconnected signal will be trimmed during the optimization process.
    Found 16-bit register for signal <O>.
    Found 28-bit adder for signal <old_x_10$addsub0000> created at line 28.
    Found 4-bit comparator greatequal for signal <old_x_10$cmp_ge0000> created at line 27.
    Found 28-bit adder for signal <old_x_11$addsub0000> created at line 30.
    Found 4-bit comparator greatequal for signal <old_x_11$cmp_ge0000> created at line 29.
    Found 28-bit adder for signal <old_x_12$addsub0000> created at line 32.
    Found 4-bit comparator greatequal for signal <old_x_12$cmp_ge0000> created at line 31.
    Found 28-bit adder for signal <old_x_14$addsub0000> created at line 26.
    Found 4-bit comparator greatequal for signal <old_x_14$cmp_ge0000> created at line 25.
    Found 28-bit adder for signal <old_x_15$addsub0000> created at line 28.
    Found 4-bit comparator greatequal for signal <old_x_15$cmp_ge0000> created at line 27.
    Found 28-bit adder for signal <old_x_16$addsub0000> created at line 30.
    Found 4-bit comparator greatequal for signal <old_x_16$cmp_ge0000> created at line 29.
    Found 28-bit adder for signal <old_x_17$addsub0000> created at line 32.
    Found 4-bit comparator greatequal for signal <old_x_17$cmp_ge0000> created at line 31.
    Found 28-bit adder for signal <old_x_19$addsub0000> created at line 26.
    Found 4-bit comparator greatequal for signal <old_x_19$cmp_ge0000> created at line 25.
    Found 28-bit adder for signal <old_x_20$addsub0000> created at line 28.
    Found 4-bit comparator greatequal for signal <old_x_20$cmp_ge0000> created at line 27.
    Found 28-bit adder for signal <old_x_21$addsub0000> created at line 30.
    Found 4-bit comparator greatequal for signal <old_x_21$cmp_ge0000> created at line 29.
    Found 28-bit adder for signal <old_x_22$addsub0000> created at line 32.
    Found 4-bit comparator greatequal for signal <old_x_22$cmp_ge0000> created at line 31.
    Found 28-bit adder for signal <old_x_24$addsub0000> created at line 26.
    Found 4-bit comparator greatequal for signal <old_x_24$cmp_ge0000> created at line 25.
    Found 28-bit adder for signal <old_x_25$addsub0000> created at line 28.
    Found 4-bit comparator greatequal for signal <old_x_25$cmp_ge0000> created at line 27.
    Found 28-bit adder for signal <old_x_26$addsub0000> created at line 30.
    Found 4-bit comparator greatequal for signal <old_x_26$cmp_ge0000> created at line 29.
    Found 28-bit adder for signal <old_x_27$addsub0000> created at line 32.
    Found 4-bit comparator greatequal for signal <old_x_27$cmp_ge0000> created at line 31.
    Found 28-bit adder for signal <old_x_29$addsub0000> created at line 26.
    Found 4-bit comparator greatequal for signal <old_x_29$cmp_ge0000> created at line 25.
    Found 28-bit adder for signal <old_x_30$addsub0000> created at line 28.
    Found 4-bit comparator greatequal for signal <old_x_30$cmp_ge0000> created at line 27.
    Found 28-bit adder for signal <old_x_31$addsub0000> created at line 30.
    Found 4-bit comparator greatequal for signal <old_x_31$cmp_ge0000> created at line 29.
    Found 28-bit adder for signal <old_x_32$addsub0000> created at line 32.
    Found 4-bit comparator greatequal for signal <old_x_32$cmp_ge0000> created at line 31.
    Found 28-bit adder for signal <old_x_34$addsub0000> created at line 26.
    Found 4-bit comparator greatequal for signal <old_x_34$cmp_ge0000> created at line 25.
    Found 28-bit adder for signal <old_x_35$addsub0000> created at line 28.
    Found 4-bit comparator greatequal for signal <old_x_35$cmp_ge0000> created at line 27.
    Found 28-bit adder for signal <old_x_36$addsub0000> created at line 30.
    Found 4-bit comparator greatequal for signal <old_x_36$cmp_ge0000> created at line 29.
    Found 28-bit adder for signal <old_x_37$addsub0000> created at line 32.
    Found 4-bit comparator greatequal for signal <old_x_37$cmp_ge0000> created at line 31.
    Found 28-bit adder for signal <old_x_39$addsub0000> created at line 26.
    Found 4-bit comparator greatequal for signal <old_x_39$cmp_ge0000> created at line 25.
    Found 28-bit adder for signal <old_x_4$addsub0000> created at line 26.
    Found 4-bit comparator greatequal for signal <old_x_4$cmp_ge0000> created at line 25.
    Found 28-bit adder for signal <old_x_40$addsub0000> created at line 28.
    Found 4-bit comparator greatequal for signal <old_x_40$cmp_ge0000> created at line 27.
    Found 28-bit adder for signal <old_x_41$addsub0000> created at line 30.
    Found 4-bit comparator greatequal for signal <old_x_41$cmp_ge0000> created at line 29.
    Found 28-bit adder for signal <old_x_42$addsub0000> created at line 32.
    Found 4-bit comparator greatequal for signal <old_x_42$cmp_ge0000> created at line 31.
    Found 28-bit adder for signal <old_x_44$addsub0000> created at line 26.
    Found 4-bit comparator greatequal for signal <old_x_44$cmp_ge0000> created at line 25.
    Found 28-bit adder for signal <old_x_45$addsub0000> created at line 28.
    Found 4-bit comparator greatequal for signal <old_x_45$cmp_ge0000> created at line 27.
    Found 28-bit adder for signal <old_x_46$addsub0000> created at line 30.
    Found 4-bit comparator greatequal for signal <old_x_46$cmp_ge0000> created at line 29.
    Found 28-bit adder for signal <old_x_47$addsub0000> created at line 32.
    Found 4-bit comparator greatequal for signal <old_x_47$cmp_ge0000> created at line 31.
    Found 28-bit adder for signal <old_x_49$addsub0000> created at line 26.
    Found 4-bit comparator greatequal for signal <old_x_49$cmp_ge0000> created at line 25.
    Found 28-bit adder for signal <old_x_5$addsub0000> created at line 28.
    Found 4-bit comparator greatequal for signal <old_x_5$cmp_ge0000> created at line 27.
    Found 28-bit adder for signal <old_x_50$addsub0000> created at line 28.
    Found 4-bit comparator greatequal for signal <old_x_50$cmp_ge0000> created at line 27.
    Found 28-bit adder for signal <old_x_51$addsub0000> created at line 30.
    Found 4-bit comparator greatequal for signal <old_x_51$cmp_ge0000> created at line 29.
    Found 28-bit adder for signal <old_x_52$addsub0000> created at line 32.
    Found 4-bit comparator greatequal for signal <old_x_52$cmp_ge0000> created at line 31.
    Found 28-bit adder for signal <old_x_54$addsub0000> created at line 26.
    Found 4-bit comparator greatequal for signal <old_x_54$cmp_ge0000> created at line 25.
    Found 28-bit adder for signal <old_x_55$addsub0000> created at line 28.
    Found 4-bit comparator greatequal for signal <old_x_55$cmp_ge0000> created at line 27.
    Found 28-bit adder for signal <old_x_56$addsub0000> created at line 30.
    Found 4-bit comparator greatequal for signal <old_x_56$cmp_ge0000> created at line 29.
    Found 28-bit adder for signal <old_x_57$addsub0000> created at line 32.
    Found 4-bit comparator greatequal for signal <old_x_57$cmp_ge0000> created at line 31.
    Found 28-bit adder for signal <old_x_6$addsub0000> created at line 30.
    Found 4-bit comparator greatequal for signal <old_x_6$cmp_ge0000> created at line 29.
    Found 28-bit adder for signal <old_x_7$addsub0000> created at line 32.
    Found 4-bit comparator greatequal for signal <old_x_7$cmp_ge0000> created at line 31.
    Found 28-bit adder for signal <old_x_9$addsub0000> created at line 26.
    Found 4-bit comparator greatequal for signal <old_x_9$cmp_ge0000> created at line 25.
    Summary:
	inferred  16 D-type flip-flop(s).
	inferred  44 Adder/Subtractor(s).
	inferred  44 Comparator(s).
Unit <Decodificador_BCD_12B> synthesized.


Synthesizing Unit <Sumador>.
    Related source file is "Sumador.v".
    Found 1-bit xor2 for signal <S>.
    Found 1-bit xor2 for signal <N2>.
Unit <Sumador> synthesized.


Synthesizing Unit <Divisor_Frecuencia>.
    Related source file is "Divisor_Frecuencia.v".
    Found 1-bit register for signal <Oclk>.
    Found 32-bit up counter for signal <i>.
    Summary:
	inferred   1 Counter(s).
	inferred   1 D-type flip-flop(s).
	inferred   1 Adder/Subtractor(s).
Unit <Divisor_Frecuencia> synthesized.


Synthesizing Unit <Contador_2B>.
    Related source file is "Contador_2B.v".
    Found 2-bit up counter for signal <O>.
    Summary:
	inferred   1 Counter(s).
Unit <Contador_2B> synthesized.


Synthesizing Unit <Demultiplexor_1X4>.
    Related source file is "Demultiplexor_1X4.v".
Unit <Demultiplexor_1X4> synthesized.


Synthesizing Unit <Multiplexor_4X1>.
    Related source file is "Multiplexor_4X1.v".
Unit <Multiplexor_4X1> synthesized.


Synthesizing Unit <Decodificador_7S>.
    Related source file is "Decodificador_7S.v".
Unit <Decodificador_7S> synthesized.


Synthesizing Unit <Sumador_4B>.
    Related source file is "Sumador_4B.v".
Unit <Sumador_4B> synthesized.


Synthesizing Unit <Displayer_4_7S>.
    Related source file is "Displayer_4_7S.v".
Unit <Displayer_4_7S> synthesized.


Synthesizing Unit <Suma_Display>.
    Related source file is "Suma_Display.v".
Unit <Suma_Display> synthesized.


=========================================================================
HDL Synthesis Report

Macro Statistics
# Adders/Subtractors                                   : 45
 28-bit adder                                          : 44
 32-bit adder                                          : 1
# Counters                                             : 2
 2-bit up counter                                      : 1
 32-bit up counter                                     : 1
# Registers                                            : 2
 1-bit register                                        : 1
 16-bit register                                       : 1
# Comparators                                          : 44
 4-bit comparator greatequal                           : 44
# Xors                                                 : 8
 1-bit xor2                                            : 8

=========================================================================

=========================================================================
*                       Advanced HDL Synthesis                          *
=========================================================================


=========================================================================
Advanced HDL Synthesis Report

Macro Statistics
# Adders/Subtractors                                   : 45
 27-bit adder                                          : 33
 28-bit adder                                          : 11
 32-bit adder                                          : 1
# Counters                                             : 2
 2-bit up counter                                      : 1
 32-bit up counter                                     : 1
# Registers                                            : 17
 Flip-Flops                                            : 17
# Comparators                                          : 44
 4-bit comparator greatequal                           : 44
# Xors                                                 : 8
 1-bit xor2                                            : 8

=========================================================================

=========================================================================
*                         Low Level Synthesis                           *
=========================================================================
WARNING:Xst:1293 - FF/Latch <O_7> has a constant value of 0 in block <Decodificador_BCD_12B>. This FF/Latch will be trimmed during the optimization process.
WARNING:Xst:1896 - Due to other FF/Latch trimming, FF/Latch <O_8> has a constant value of 0 in block <Decodificador_BCD_12B>. This FF/Latch will be trimmed during the optimization process.
WARNING:Xst:1896 - Due to other FF/Latch trimming, FF/Latch <O_9> has a constant value of 0 in block <Decodificador_BCD_12B>. This FF/Latch will be trimmed during the optimization process.
WARNING:Xst:1896 - Due to other FF/Latch trimming, FF/Latch <O_10> has a constant value of 0 in block <Decodificador_BCD_12B>. This FF/Latch will be trimmed during the optimization process.
WARNING:Xst:1896 - Due to other FF/Latch trimming, FF/Latch <O_11> has a constant value of 0 in block <Decodificador_BCD_12B>. This FF/Latch will be trimmed during the optimization process.
WARNING:Xst:1896 - Due to other FF/Latch trimming, FF/Latch <O_12> has a constant value of 0 in block <Decodificador_BCD_12B>. This FF/Latch will be trimmed during the optimization process.
WARNING:Xst:1896 - Due to other FF/Latch trimming, FF/Latch <O_13> has a constant value of 0 in block <Decodificador_BCD_12B>. This FF/Latch will be trimmed during the optimization process.
WARNING:Xst:1896 - Due to other FF/Latch trimming, FF/Latch <O_14> has a constant value of 0 in block <Decodificador_BCD_12B>. This FF/Latch will be trimmed during the optimization process.
WARNING:Xst:1896 - Due to other FF/Latch trimming, FF/Latch <O_15> has a constant value of 0 in block <Decodificador_BCD_12B>. This FF/Latch will be trimmed during the optimization process.

Optimizing unit <Suma_Display> ...

Optimizing unit <Decodificador_BCD_12B> ...

Optimizing unit <Displayer_4_7S> ...

Mapping all equations...
Building and optimizing final netlist ...
Found area constraint ratio of 100 (+ 5) on block Suma_Display, actual ratio is 1.

Final Macro Processing ...

=========================================================================
Final Register Report

Macro Statistics
# Registers                                            : 42
 Flip-Flops                                            : 42

=========================================================================

=========================================================================
*                           Partition Report                            *
=========================================================================

Partition Implementation Status
-------------------------------

  No Partitions were found in this design.

-------------------------------

=========================================================================
*                            Final Report                               *
=========================================================================
Final Results
RTL Top Level Output File Name     : Suma_Display.ngr
Top Level Output File Name         : Suma_Display
Output Format                      : NGC
Optimization Goal                  : Speed
Keep Hierarchy                     : No

Design Statistics
# IOs                              : 20

Cell Usage :
# BELS                             : 271
#      GND                         : 1
#      INV                         : 3
#      LUT1                        : 62
#      LUT2                        : 8
#      LUT3                        : 9
#      LUT4                        : 32
#      MUXCY                       : 78
#      MUXF5                       : 3
#      VCC                         : 1
#      XORCY                       : 74
# FlipFlops/Latches                : 42
#      FD                          : 8
#      FDE                         : 1
#      FDR                         : 33
# Clock Buffers                    : 1
#      BUFGP                       : 1
# IO Buffers                       : 19
#      IBUF                        : 8
#      OBUF                        : 11
=========================================================================

Device utilization summary:
---------------------------

Selected Device : 3s500efg320-4 

 Number of Slices:                       61  out of   4656     1%  
 Number of Slice Flip Flops:             42  out of   9312     0%  
 Number of 4 input LUTs:                114  out of   9312     1%  
 Number of IOs:                          20
 Number of bonded IOBs:                  20  out of    232     8%  
 Number of GCLKs:                         1  out of     24     4%  

---------------------------
Partition Resource Summary:
---------------------------

  No Partitions were found in this design.

---------------------------


=========================================================================
TIMING REPORT

NOTE: THESE TIMING NUMBERS ARE ONLY A SYNTHESIS ESTIMATE.
      FOR ACCURATE TIMING INFORMATION PLEASE REFER TO THE TRACE REPORT
      GENERATED AFTER PLACE-and-ROUTE.

Clock Information:
------------------
-----------------------------------+------------------------+-------+
Clock Signal                       | Clock buffer(FF name)  | Load  |
-----------------------------------+------------------------+-------+
dis/div/Oclk                       | NONE(dd/O_6)           | 9     |
clk                                | BUFGP                  | 33    |
-----------------------------------+------------------------+-------+
INFO:Xst:2169 - HDL ADVISOR - Some clock signals were not automatically buffered by XST with BUFG/BUFR resources. Please use the buffer_type constraint in order to insert these buffers to the clock signals to help prevent skew problems.

Asynchronous Control Signals Information:
----------------------------------------
No asynchronous control signals found in this design

Timing Summary:
---------------
Speed Grade: -4

   Minimum period: 8.934ns (Maximum Frequency: 111.938MHz)
   Minimum input arrival time before clock: 10.995ns
   Maximum output required time after clock: 7.569ns
   Maximum combinational path delay: No path found

Timing Detail:
--------------
All values displayed in nanoseconds (ns)

=========================================================================
Timing constraint: Default period analysis for Clock 'clk'
  Clock period: 8.934ns (frequency: 111.938MHz)
  Total number of paths / destination ports: 17953 / 66
-------------------------------------------------------------------------
Delay:               8.934ns (Levels of Logic = 34)
  Source:            dis/div/i_1 (FF)
  Destination:       dis/div/i_31 (FF)
  Source Clock:      clk rising
  Destination Clock: clk rising

  Data Path: dis/div/i_1 to dis/div/i_31
                                Gate     Net
    Cell:in->out      fanout   Delay   Delay  Logical Name (Net Name)
    ----------------------------------------  ------------
     FDR:C->Q              2   0.591   0.622  dis/div/i_1 (dis/div/i_1)
     LUT1:I0->O            1   0.704   0.000  dis/div/Madd__old_i_60_cy<1>_rt (dis/div/Madd__old_i_60_cy<1>_rt)
     MUXCY:S->O            1   0.464   0.000  dis/div/Madd__old_i_60_cy<1> (dis/div/Madd__old_i_60_cy<1>)
     MUXCY:CI->O           1   0.059   0.000  dis/div/Madd__old_i_60_cy<2> (dis/div/Madd__old_i_60_cy<2>)
     MUXCY:CI->O           1   0.059   0.000  dis/div/Madd__old_i_60_cy<3> (dis/div/Madd__old_i_60_cy<3>)
     MUXCY:CI->O           1   0.059   0.000  dis/div/Madd__old_i_60_cy<4> (dis/div/Madd__old_i_60_cy<4>)
     MUXCY:CI->O           1   0.059   0.000  dis/div/Madd__old_i_60_cy<5> (dis/div/Madd__old_i_60_cy<5>)
     MUXCY:CI->O           1   0.059   0.000  dis/div/Madd__old_i_60_cy<6> (dis/div/Madd__old_i_60_cy<6>)
     MUXCY:CI->O           1   0.059   0.000  dis/div/Madd__old_i_60_cy<7> (dis/div/Madd__old_i_60_cy<7>)
     MUXCY:CI->O           1   0.059   0.000  dis/div/Madd__old_i_60_cy<8> (dis/div/Madd__old_i_60_cy<8>)
     MUXCY:CI->O           1   0.059   0.000  dis/div/Madd__old_i_60_cy<9> (dis/div/Madd__old_i_60_cy<9>)
     MUXCY:CI->O           1   0.059   0.000  dis/div/Madd__old_i_60_cy<10> (dis/div/Madd__old_i_60_cy<10>)
     MUXCY:CI->O           1   0.059   0.000  dis/div/Madd__old_i_60_cy<11> (dis/div/Madd__old_i_60_cy<11>)
     MUXCY:CI->O           1   0.059   0.000  dis/div/Madd__old_i_60_cy<12> (dis/div/Madd__old_i_60_cy<12>)
     MUXCY:CI->O           1   0.059   0.000  dis/div/Madd__old_i_60_cy<13> (dis/div/Madd__old_i_60_cy<13>)
     MUXCY:CI->O           1   0.059   0.000  dis/div/Madd__old_i_60_cy<14> (dis/div/Madd__old_i_60_cy<14>)
     MUXCY:CI->O           1   0.059   0.000  dis/div/Madd__old_i_60_cy<15> (dis/div/Madd__old_i_60_cy<15>)
     MUXCY:CI->O           1   0.059   0.000  dis/div/Madd__old_i_60_cy<16> (dis/div/Madd__old_i_60_cy<16>)
     MUXCY:CI->O           1   0.059   0.000  dis/div/Madd__old_i_60_cy<17> (dis/div/Madd__old_i_60_cy<17>)
     MUXCY:CI->O           1   0.059   0.000  dis/div/Madd__old_i_60_cy<18> (dis/div/Madd__old_i_60_cy<18>)
     MUXCY:CI->O           1   0.059   0.000  dis/div/Madd__old_i_60_cy<19> (dis/div/Madd__old_i_60_cy<19>)
     MUXCY:CI->O           1   0.059   0.000  dis/div/Madd__old_i_60_cy<20> (dis/div/Madd__old_i_60_cy<20>)
     MUXCY:CI->O           1   0.059   0.000  dis/div/Madd__old_i_60_cy<21> (dis/div/Madd__old_i_60_cy<21>)
     MUXCY:CI->O           1   0.059   0.000  dis/div/Madd__old_i_60_cy<22> (dis/div/Madd__old_i_60_cy<22>)
     MUXCY:CI->O           1   0.059   0.000  dis/div/Madd__old_i_60_cy<23> (dis/div/Madd__old_i_60_cy<23>)
     MUXCY:CI->O           1   0.059   0.000  dis/div/Madd__old_i_60_cy<24> (dis/div/Madd__old_i_60_cy<24>)
     MUXCY:CI->O           1   0.059   0.000  dis/div/Madd__old_i_60_cy<25> (dis/div/Madd__old_i_60_cy<25>)
     MUXCY:CI->O           1   0.059   0.000  dis/div/Madd__old_i_60_cy<26> (dis/div/Madd__old_i_60_cy<26>)
     MUXCY:CI->O           1   0.059   0.000  dis/div/Madd__old_i_60_cy<27> (dis/div/Madd__old_i_60_cy<27>)
     MUXCY:CI->O           1   0.059   0.000  dis/div/Madd__old_i_60_cy<28> (dis/div/Madd__old_i_60_cy<28>)
     MUXCY:CI->O           1   0.059   0.000  dis/div/Madd__old_i_60_cy<29> (dis/div/Madd__old_i_60_cy<29>)
     MUXCY:CI->O           0   0.059   0.000  dis/div/Madd__old_i_60_cy<30> (dis/div/Madd__old_i_60_cy<30>)
     XORCY:CI->O           1   0.804   0.424  dis/div/Madd__old_i_60_xor<31> (dis/div/_old_i_60<31>)
     LUT4:I3->O            1   0.704   0.000  dis/div/i_cmp_eq0000_wg_lut<7> (dis/div/i_cmp_eq0000_wg_lut<7>)
     MUXCY:S->O           33   0.736   1.263  dis/div/i_cmp_eq0000_wg_cy<7> (dis/div/i_cmp_eq0000)
     FDR:R                     0.911          dis/div/i_0
    ----------------------------------------
    Total                      8.934ns (6.625ns logic, 2.309ns route)
                                       (74.2% logic, 25.8% route)

=========================================================================
Timing constraint: Default period analysis for Clock 'dis/div/Oclk'
  Clock period: 2.598ns (frequency: 384.911MHz)
  Total number of paths / destination ports: 3 / 2
-------------------------------------------------------------------------
Delay:               2.598ns (Levels of Logic = 1)
  Source:            dis/con/O_1 (FF)
  Destination:       dis/con/O_1 (FF)
  Source Clock:      dis/div/Oclk rising
  Destination Clock: dis/div/Oclk rising

  Data Path: dis/con/O_1 to dis/con/O_1
                                Gate     Net
    Cell:in->out      fanout   Delay   Delay  Logical Name (Net Name)
    ----------------------------------------  ------------
     FD:C->Q               9   0.591   0.995  dis/con/O_1 (dis/con/O_1)
     LUT2:I0->O            1   0.704   0.000  dis/con/Mcount_O_xor<1>11 (dis/Result<1>)
     FD:D                      0.308          dis/con/O_1
    ----------------------------------------
    Total                      2.598ns (1.603ns logic, 0.995ns route)
                                       (61.7% logic, 38.3% route)

=========================================================================
Timing constraint: Default OFFSET IN BEFORE for Clock 'dis/div/Oclk'
  Total number of paths / destination ports: 1206 / 7
-------------------------------------------------------------------------
Offset:              10.995ns (Levels of Logic = 8)
  Source:            A<1> (PAD)
  Destination:       dd/O_6 (FF)
  Destination Clock: dis/div/Oclk rising

  Data Path: A<1> to dd/O_6
                                Gate     Net
    Cell:in->out      fanout   Delay   Delay  Logical Name (Net Name)
    ----------------------------------------  ------------
     IBUF:I->O             3   1.218   0.706  A_1_IBUF (A_1_IBUF)
     LUT4:I0->O            4   0.704   0.666  sum/S1/Co1 (sum/C2)
     LUT3:I1->O            4   0.704   0.622  sum/S2/Co1 (sum/C3)
     LUT3:I2->O            9   0.704   0.824  sum/S3/Mxor_S_Result1 (S<3>)
     LUT4:I3->O            1   0.704   0.424  dd/old_x_54_cmp_ge00006 (dd/old_x_54_cmp_ge00006)
     LUT4:I3->O            1   0.704   0.455  dd/old_x_54_cmp_ge00009 (dd/old_x_54_cmp_ge00009)
     LUT4:I2->O            6   0.704   0.844  dd/old_x_54_cmp_ge000036 (dd/old_x_54_cmp_ge0000)
     LUT3:I0->O            1   0.704   0.000  dd/_old_x_54<12>1 (dd/_old_x_54<12>)
     FD:D                      0.308          dd/O_1
    ----------------------------------------
    Total                     10.995ns (6.454ns logic, 4.541ns route)
                                       (58.7% logic, 41.3% route)

=========================================================================
Timing constraint: Default OFFSET OUT AFTER for Clock 'dis/div/Oclk'
  Total number of paths / destination ports: 113 / 11
-------------------------------------------------------------------------
Offset:              7.569ns (Levels of Logic = 3)
  Source:            dis/con/O_1 (FF)
  Destination:       D<6> (PAD)
  Source Clock:      dis/div/Oclk rising

  Data Path: dis/con/O_1 to D<6>
                                Gate     Net
    Cell:in->out      fanout   Delay   Delay  Logical Name (Net Name)
    ----------------------------------------  ------------
     FD:C->Q               9   0.591   0.995  dis/con/O_1 (dis/con/O_1)
     LUT4:I0->O            7   0.704   0.883  dis/mu1/Q1 (dis/y<1>)
     LUT4:I0->O            1   0.704   0.420  dis/dec/D_2_not00001 (D_2_OBUF)
     OBUF:I->O                 3.272          D_2_OBUF (D<2>)
    ----------------------------------------
    Total                      7.569ns (5.271ns logic, 2.298ns route)
                                       (69.6% logic, 30.4% route)

=========================================================================


Total REAL time to Xst completion: 24.00 secs
Total CPU time to Xst completion: 24.01 secs
 
--> 

Total memory usage is 267048 kilobytes

Number of errors   :    0 (   0 filtered)
Number of warnings :   17 (   0 filtered)
Number of infos    :    1 (   0 filtered)

