--------------------------------------------------------------------------------
Release 14.7 Trace  (nt64)
Copyright (c) 1995-2013 Xilinx, Inc.  All rights reserved.

C:\Xilinx\14.7\ISE_DS\ISE\bin\nt64\unwrapped\trce.exe -intstyle ise -v 3 -s 4
-n 3 -fastpaths -xml Sumador_4B.twx Sumador_4B.ncd -o Sumador_4B.twr
Sumador_4B.pcf

Design file:              Sumador_4B.ncd
Physical constraint file: Sumador_4B.pcf
Device,package,speed:     xc3s500e,fg320,-4 (PRODUCTION 1.27 2013-10-13)
Report level:             verbose report

Environment Variable      Effect 
--------------------      ------ 
NONE                      No environment variables were set
--------------------------------------------------------------------------------

INFO:Timing:2698 - No timing constraints found, doing default enumeration.
INFO:Timing:3412 - To improve timing, see the Timing Closure User Guide (UG612).
INFO:Timing:2752 - To get complete path coverage, use the unconstrained paths 
   option. All paths that are not constrained will be reported in the 
   unconstrained paths section(s) of the report.
INFO:Timing:3339 - The clock-to-out numbers in this timing report are based on 
   a 50 Ohm transmission line loading model.  For the details of this model, 
   and for more information on accounting for different loading conditions, 
   please see the device datasheet.
INFO:Timing:3390 - This architecture does not support a default System Jitter 
   value, please add SYSTEM_JITTER constraint to the UCF to modify the Clock 
   Uncertainty calculation.
INFO:Timing:3389 - This architecture does not support 'Discrete Jitter' and 
   'Phase Error' calculations, these terms will be zero in the Clock 
   Uncertainty calculation.  Please make appropriate modification to 
   SYSTEM_JITTER to account for the unsupported Discrete Jitter and Phase 
   Error.



Data Sheet report:
-----------------
All values displayed in nanoseconds (ns)

Pad to Pad
---------------+---------------+---------+
Source Pad     |Destination Pad|  Delay  |
---------------+---------------+---------+
X<0>           |Co             |    8.618|
X<0>           |S<0>           |    6.997|
X<0>           |S<1>           |    6.992|
X<0>           |S<2>           |    7.651|
X<0>           |S<3>           |    8.876|
X<1>           |Co             |    8.307|
X<1>           |S<1>           |    6.828|
X<1>           |S<2>           |    7.340|
X<1>           |S<3>           |    8.565|
X<2>           |Co             |    7.570|
X<2>           |S<2>           |    6.591|
X<2>           |S<3>           |    7.828|
X<3>           |Co             |    6.897|
X<3>           |S<3>           |    7.275|
Y<0>           |Co             |    8.194|
Y<0>           |S<0>           |    6.682|
Y<0>           |S<1>           |    6.637|
Y<0>           |S<2>           |    7.227|
Y<0>           |S<3>           |    8.452|
Y<1>           |Co             |    8.295|
Y<1>           |S<1>           |    6.549|
Y<1>           |S<2>           |    7.328|
Y<1>           |S<3>           |    8.553|
Y<2>           |Co             |    7.763|
Y<2>           |S<2>           |    6.953|
Y<2>           |S<3>           |    8.021|
Y<3>           |Co             |    6.717|
Y<3>           |S<3>           |    6.906|
---------------+---------------+---------+


Analysis completed Fri Sep 20 20:00:18 2019 
--------------------------------------------------------------------------------

Trace Settings:
-------------------------
Trace Settings 

Peak Memory Usage: 174 MB



