MO Suma_Display NULL Suma_Display.v vlg67/_suma___display.bin 1569335366
MO Divisor_Frecuencia NULL Divisor_Frecuencia.v vlg14/_divisor___frecuencia.bin 1570496845
MO Decodificador_7S NULL Decodificador_7S.v vlg75/_decodificador__7_s.bin 1569335366
MO Comparador_4B NULL Comparador_4B.v vlg59/_comparador__4_b.bin 1569028358
MO Sumador NULL Sumador.v vlg7F/_sumador.bin 1569335366
MO Contador_2B NULL Contador_2B.v vlg51/_contador__2_b.bin 1570494265
MO Sumador_4B NULL Sumador_4B.v vlg10/_sumador__4_b.bin 1569335366
MO Comparador NULL Comparador.v vlg3C/_comparador.bin 1569028358
MO Main NULL Main.v vlg0D/_main.bin 1569023940
