MO Comparador_4B NULL Comparador_4B.v vlg59/_comparador__4_b.bin 1569028358
MO Sumador NULL Sumador.v vlg7F/_sumador.bin 1569024199
MO Sumador_4B NULL Sumador_4B.v vlg10/_sumador__4_b.bin 1569024821
MO Comparador NULL Comparador.v vlg3C/_comparador.bin 1569028358
MO Main NULL Main.v vlg0D/_main.bin 1569023940
