--------------------------------------------------------------------------------
Release 14.7 Trace  (nt64)
Copyright (c) 1995-2013 Xilinx, Inc.  All rights reserved.

C:\Xilinx\14.7\ISE_DS\ISE\bin\nt64\unwrapped\trce.exe -intstyle ise -v 3 -s 4
-n 3 -fastpaths -xml Sumador_4B.twx Sumador_4B.ncd -o Sumador_4B.twr
Sumador_4B.pcf -ucf UCF_Nexys2.ucf

Design file:              Sumador_4B.ncd
Physical constraint file: Sumador_4B.pcf
Device,package,speed:     xc3s500e,fg320,-4 (PRODUCTION 1.27 2013-10-13)
Report level:             verbose report

Environment Variable      Effect 
--------------------      ------ 
NONE                      No environment variables were set
--------------------------------------------------------------------------------

INFO:Timing:2698 - No timing constraints found, doing default enumeration.
INFO:Timing:3412 - To improve timing, see the Timing Closure User Guide (UG612).
INFO:Timing:2752 - To get complete path coverage, use the unconstrained paths 
   option. All paths that are not constrained will be reported in the 
   unconstrained paths section(s) of the report.
INFO:Timing:3339 - The clock-to-out numbers in this timing report are based on 
   a 50 Ohm transmission line loading model.  For the details of this model, 
   and for more information on accounting for different loading conditions, 
   please see the device datasheet.
INFO:Timing:3390 - This architecture does not support a default System Jitter 
   value, please add SYSTEM_JITTER constraint to the UCF to modify the Clock 
   Uncertainty calculation.
INFO:Timing:3389 - This architecture does not support 'Discrete Jitter' and 
   'Phase Error' calculations, these terms will be zero in the Clock 
   Uncertainty calculation.  Please make appropriate modification to 
   SYSTEM_JITTER to account for the unsupported Discrete Jitter and Phase 
   Error.



Data Sheet report:
-----------------
All values displayed in nanoseconds (ns)

Pad to Pad
---------------+---------------+---------+
Source Pad     |Destination Pad|  Delay  |
---------------+---------------+---------+
X<0>           |Co             |   10.286|
X<0>           |S<0>           |    7.594|
X<0>           |S<1>           |    7.355|
X<0>           |S<2>           |    7.699|
X<0>           |S<3>           |    8.850|
X<1>           |Co             |    9.967|
X<1>           |S<1>           |    7.203|
X<1>           |S<2>           |    7.380|
X<1>           |S<3>           |    8.531|
X<2>           |Co             |    8.499|
X<2>           |S<2>           |    6.069|
X<2>           |S<3>           |    7.063|
X<3>           |Co             |    7.837|
X<3>           |S<3>           |    6.244|
Y<0>           |Co             |   10.305|
Y<0>           |S<0>           |    7.777|
Y<0>           |S<1>           |    7.531|
Y<0>           |S<2>           |    7.718|
Y<0>           |S<3>           |    8.869|
Y<1>           |Co             |   10.064|
Y<1>           |S<1>           |    7.121|
Y<1>           |S<2>           |    7.477|
Y<1>           |S<3>           |    8.628|
Y<2>           |Co             |    9.337|
Y<2>           |S<2>           |    6.945|
Y<2>           |S<3>           |    7.901|
Y<3>           |Co             |    8.769|
Y<3>           |S<3>           |    7.166|
---------------+---------------+---------+


Analysis completed Sat Oct 19 12:42:39 2019 
--------------------------------------------------------------------------------

Trace Settings:
-------------------------
Trace Settings 

Peak Memory Usage: 174 MB



