--------------------------------------------------------------------------------
Release 14.7 Trace  (nt64)
Copyright (c) 1995-2013 Xilinx, Inc.  All rights reserved.

C:\Xilinx\14.7\ISE_DS\ISE\bin\nt64\unwrapped\trce.exe -intstyle ise -v 3 -s 4
-n 3 -fastpaths -xml Main.twx Main.ncd -o Main.twr Main.pcf -ucf UCF_Nexys2.ucf

Design file:              Main.ncd
Physical constraint file: Main.pcf
Device,package,speed:     xc3s500e,fg320,-4 (PRODUCTION 1.27 2013-10-13)
Report level:             verbose report

Environment Variable      Effect 
--------------------      ------ 
NONE                      No environment variables were set
--------------------------------------------------------------------------------

INFO:Timing:2698 - No timing constraints found, doing default enumeration.
INFO:Timing:3412 - To improve timing, see the Timing Closure User Guide (UG612).
INFO:Timing:2752 - To get complete path coverage, use the unconstrained paths 
   option. All paths that are not constrained will be reported in the 
   unconstrained paths section(s) of the report.
INFO:Timing:3339 - The clock-to-out numbers in this timing report are based on 
   a 50 Ohm transmission line loading model.  For the details of this model, 
   and for more information on accounting for different loading conditions, 
   please see the device datasheet.
INFO:Timing:3390 - This architecture does not support a default System Jitter 
   value, please add SYSTEM_JITTER constraint to the UCF to modify the Clock 
   Uncertainty calculation.
INFO:Timing:3389 - This architecture does not support 'Discrete Jitter' and 
   'Phase Error' calculations, these terms will be zero in the Clock 
   Uncertainty calculation.  Please make appropriate modification to 
   SYSTEM_JITTER to account for the unsupported Discrete Jitter and Phase 
   Error.



Data Sheet report:
-----------------
All values displayed in nanoseconds (ns)

Pad to Pad
---------------+---------------+---------+
Source Pad     |Destination Pad|  Delay  |
---------------+---------------+---------+
A<0>           |Co             |   10.186|
A<0>           |D<0>           |   11.396|
A<0>           |D<1>           |   11.498|
A<0>           |D<2>           |   12.054|
A<0>           |D<3>           |   11.449|
A<0>           |D<4>           |   10.818|
A<0>           |D<5>           |   11.028|
A<0>           |D<6>           |   11.373|
A<1>           |Co             |    9.548|
A<1>           |D<0>           |   10.758|
A<1>           |D<1>           |   10.860|
A<1>           |D<2>           |   11.416|
A<1>           |D<3>           |   10.811|
A<1>           |D<4>           |   10.180|
A<1>           |D<5>           |   10.390|
A<1>           |D<6>           |   10.735|
A<2>           |Co             |    8.391|
A<2>           |D<0>           |    9.601|
A<2>           |D<1>           |    9.703|
A<2>           |D<2>           |   10.259|
A<2>           |D<3>           |    9.654|
A<2>           |D<4>           |    9.023|
A<2>           |D<5>           |    9.233|
A<2>           |D<6>           |    9.578|
A<3>           |Co             |    7.734|
A<3>           |D<0>           |    8.944|
A<3>           |D<1>           |    9.046|
A<3>           |D<2>           |    9.602|
A<3>           |D<3>           |    8.997|
A<3>           |D<4>           |    8.366|
A<3>           |D<5>           |    8.576|
A<3>           |D<6>           |    8.921|
B<0>           |Co             |   10.155|
B<0>           |D<0>           |   11.365|
B<0>           |D<1>           |   11.467|
B<0>           |D<2>           |   12.023|
B<0>           |D<3>           |   11.418|
B<0>           |D<4>           |   10.787|
B<0>           |D<5>           |   10.997|
B<0>           |D<6>           |   11.342|
B<1>           |Co             |    9.955|
B<1>           |D<0>           |   11.165|
B<1>           |D<1>           |   11.267|
B<1>           |D<2>           |   11.823|
B<1>           |D<3>           |   11.218|
B<1>           |D<4>           |   10.587|
B<1>           |D<5>           |   10.797|
B<1>           |D<6>           |   11.142|
B<2>           |Co             |    9.903|
B<2>           |D<0>           |   11.113|
B<2>           |D<1>           |   11.215|
B<2>           |D<2>           |   11.771|
B<2>           |D<3>           |   11.166|
B<2>           |D<4>           |   10.535|
B<2>           |D<5>           |   10.745|
B<2>           |D<6>           |   11.090|
B<3>           |Co             |    8.663|
B<3>           |D<0>           |    9.873|
B<3>           |D<1>           |    9.975|
B<3>           |D<2>           |   10.531|
B<3>           |D<3>           |    9.926|
B<3>           |D<4>           |    9.295|
B<3>           |D<5>           |    9.505|
B<3>           |D<6>           |    9.850|
---------------+---------------+---------+


Analysis completed Tue Oct 22 09:20:25 2019 
--------------------------------------------------------------------------------

Trace Settings:
-------------------------
Trace Settings 

Peak Memory Usage: 175 MB



